// Jest Snapshot v1, https://goo.gl/fbAQLP

exports[`snapshot test 1`] = `
<BrowserRouter>
  <div
    className="App"
  >
    <CHeader />
    <CNavbar />
    <CRoutes />
    <CFooter />
  </div>
</BrowserRouter>
`;
